\BOOKMARK [0][-]{chapter*.1}{\376\377\000A\000v\000a\000n\000t\000-\000p\000r\000o\000p\000o\000s}{}% 1
\BOOKMARK [0][-]{chapter*.2}{\376\377\000D\000\351\000d\000i\000c\000a\000c\000e}{}% 2
\BOOKMARK [0][-]{chapter*.3}{\376\377\000R\000e\000m\000e\000r\000c\000i\000e\000m\000e\000n\000t\000s}{}% 3
\BOOKMARK [0][-]{chapter*.4}{\376\377\000R\000\351\000s\000u\000m\000\351}{}% 4
\BOOKMARK [0][-]{chapter*.5}{\376\377\000A\000b\000s\000t\000r\000a\000c\000t}{}% 5
\BOOKMARK [0][-]{chapter*.6}{\376\377\000L\000i\000s\000t\000e\000\040\000d\000e\000s\000\040\000a\000b\000r\000\351\000v\000i\000a\000t\000i\000o\000n\000s}{}% 6
\BOOKMARK [0][-]{chapter*.7}{\376\377\000L\000i\000s\000t\000e\000\040\000d\000e\000s\000\040\000f\000i\000g\000u\000r\000e\000s}{}% 7
\BOOKMARK [0][-]{chapter*.9}{\376\377\000L\000i\000s\000t\000e\000\040\000d\000e\000s\000\040\000t\000a\000b\000l\000e\000a\000u\000x}{}% 8
\BOOKMARK [0][-]{chapter*.10}{\376\377\000I\000n\000t\000r\000o\000d\000u\000c\000t\000i\000o\000n\000\040\000g\000\351\000n\000\351\000r\000a\000l\000e}{}% 9
\BOOKMARK [0][-]{chapter.1}{\376\377\000P\000r\000\351\000s\000e\000n\000t\000a\000t\000i\000o\000n\000\040\000d\000e\000\040\000l\000'\000e\000n\000t\000r\000e\000p\000r\000i\000s\000e\000\040\000d\040\031\000a\000c\000c\000u\000e\000i\000l}{}% 10
\BOOKMARK [1][-]{section.1.1}{\376\377\000I\000n\000t\000r\000o\000d\000u\000c\000t\000i\000o\000n}{chapter.1}% 11
\BOOKMARK [1][-]{section.1.2}{\376\377\000P\000r\000\351\000s\000e\000n\000t\000a\000t\000i\000o\000n\000\040\000d\000e\000\040\000.\000.\000.\000.}{chapter.1}% 12
\BOOKMARK [2][-]{subsection.1.2.1}{\376\377\000T\000i\000t\000r\000e\000\040\000n\000i\000v\000\040\0002}{section.1.2}% 13
\BOOKMARK [3][-]{subsubsection.1.2.1.1}{\376\377\000T\000i\000t\000r\000e\000\040\000n\000i\000v\000\040\0003}{subsection.1.2.1}% 14
\BOOKMARK [1][-]{section.1.3}{\376\377\000I\000m\000a\000g\000e\000s}{chapter.1}% 15
\BOOKMARK [1][-]{section.1.4}{\376\377\000T\000a\000b\000l\000e\000a\000u}{chapter.1}% 16
\BOOKMARK [1][-]{section.1.5}{\376\377\000C\000o\000n\000c\000l\000u\000s\000i\000o\000n}{chapter.1}% 17
\BOOKMARK [0][-]{chapter.2}{\376\377\000C\000a\000d\000r\000e\000\040\000t\000h\000\351\000o\000r\000i\000q\000u\000e\000\040\000d\000e\000\040\000g\000e\000s\000t\000i\000o\000n\000\040\000d\000e\000s\000\040\000s\000t\000o\000c\000k\000s}{}% 18
\BOOKMARK [1][-]{section.2.1}{\376\377\000I\000n\000t\000r\000o\000d\000u\000c\000t\000i\000o\000n}{chapter.2}% 19
\BOOKMARK [0][-]{chapter.3}{\376\377\000A\000n\000a\000l\000y\000s\000e\000\040\000d\000e\000\040\000l\000'\000e\000x\000i\000s\000t\000a\000n\000t}{}% 20
\BOOKMARK [1][-]{section.3.1}{\376\377\000I\000n\000t\000r\000o\000d\000u\000c\000t\000i\000o\000n}{chapter.3}% 21
\BOOKMARK [1][-]{section.3.2}{\376\377\000B\000u\000l\000l\000e\000t\000\040\000p\000o\000i\000n\000t}{chapter.3}% 22
\BOOKMARK [1][-]{section.3.3}{\376\377\000C\000o\000n\000c\000l\000u\000s\000i\000o\000n}{chapter.3}% 23
\BOOKMARK [0][-]{chapter*.17}{\376\377\000C\000o\000n\000c\000l\000u\000s\000i\000o\000n\000\040\000g\000\351\000n\000\351\000r\000a\000l\000e\000\040\000e\000t\000\040\000p\000e\000r\000s\000p\000e\000c\000t\000i\000v\000e\000s}{}% 24
\BOOKMARK [0][-]{chapter*.17}{\376\377\000B\000i\000b\000l\000i\000o\000g\000r\000a\000p\000h\000i\000e}{}% 25
\BOOKMARK [0][-]{chapter*.19}{\376\377\000A\000n\000n\000e\000x\000e\000s}{}% 26
\BOOKMARK [1][-]{appendix.Alph0.1}{\376\377\000A\000n\000n\000e\000x\000e\000\040\0001\000\040\000:\000\040\000S\000c\000h\000\351\000m\000a\000\040\000\351\000l\000e\000c\000t\000r\000i\000q\000u\000e\000\040\000d\000e\000\040\000l\000'\000i\000n\000s\000t\000a\000l\000l\000a\000t\000i\000o\000n\000\040}{chapter*.19}% 27
